// Jest Snapshot v1, https://goo.gl/fbAQLP

exports[`testing board components should be same as a previous snapshot. 1`] = `
<div>
  <div
    className="sc-gsTCUz gHlRWK"
  >
    <button
      className="sc-bdfBwQ iZlURE"
      data-testid="btn-0"
      onClick={[Function]}
    >
      O
    </button>
    <button
      className="sc-bdfBwQ iZlURE"
      data-testid="btn-1"
      onClick={[Function]}
    >
      X
    </button>
    <button
      className="sc-bdfBwQ iZlURE"
      data-testid="btn-2"
      onClick={[Function]}
    >
      O
    </button>
  </div>
  <div
    className="sc-gsTCUz gHlRWK"
  >
    <button
      className="sc-bdfBwQ iZlURE"
      data-testid="btn-3"
      onClick={[Function]}
    >
      X
    </button>
    <button
      className="sc-bdfBwQ iZlURE"
      data-testid="btn-4"
      onClick={[Function]}
    >
      O
    </button>
    <button
      className="sc-bdfBwQ iZlURE"
      data-testid="btn-5"
      onClick={[Function]}
    >
      X
    </button>
  </div>
  <div
    className="sc-gsTCUz gHlRWK"
  >
    <button
      className="sc-bdfBwQ iZlURE"
      data-testid="btn-6"
      onClick={[Function]}
    >
      O
    </button>
    <button
      className="sc-bdfBwQ iZlURE"
      data-testid="btn-7"
      onClick={[Function]}
    >
      X
    </button>
    <button
      className="sc-bdfBwQ iZlURE"
      data-testid="btn-8"
      onClick={[Function]}
    >
      O
    </button>
  </div>
</div>
`;
